{
  "records": 100,
  "depth": 1,
  "seed": 17,
  "measured_queries": 200,
  "warmup_queries": 20,
  "messages": 222,
  "wire_bytes": 143253,
  "server_peak_rss_kib": 97072,
  "parent_peak_rss_kib": 95020,
  "logical_json_bytes": 29689,
  "allocated_sqlite_bytes": 160496,
  "wall_s": 0.7391341799998372,
  "parent_cpu_s": 0.05120970699999994,
  "children_cpu_s": 1.166935,
  "rpc_median_us": 377.893,
  "rpc_p95_us": 697.017,
  "rpc_p99_us": 897.621,
  "service_median_us": 57.133,
  "service_p95_us": 124.084,
  "service_p99_us": 316.468,
  "verifier_median_us": 16.627,
  "verifier_p95_us": 19.882,
  "verifier_p99_us": 88.297
}
