{
  "records": 10000,
  "depth": 64,
  "seed": 29,
  "measured_queries": 200,
  "warmup_queries": 20,
  "messages": 261,
  "wire_bytes": 4052086,
  "server_peak_rss_kib": 102192,
  "parent_peak_rss_kib": 102188,
  "logical_json_bytes": 2992732,
  "allocated_sqlite_bytes": 11533616,
  "wall_s": 2.1146299339998222,
  "parent_cpu_s": 0.8036231220000001,
  "children_cpu_s": 1.7616329999999998,
  "rpc_median_us": 1394.99,
  "rpc_p95_us": 1783.45,
  "rpc_p99_us": 2120.81,
  "service_median_us": 909.318,
  "service_p95_us": 1183.823,
  "service_p99_us": 1296.686,
  "verifier_median_us": 301.385,
  "verifier_p95_us": 411.123,
  "verifier_p99_us": 469.712
}
