{
  "records": 100,
  "depth": 16,
  "seed": 17,
  "measured_queries": 200,
  "warmup_queries": 20,
  "messages": 222,
  "wire_bytes": 365466,
  "server_peak_rss_kib": 97068,
  "parent_peak_rss_kib": 95024,
  "logical_json_bytes": 30604,
  "allocated_sqlite_bytes": 164616,
  "wall_s": 0.7921730660000321,
  "parent_cpu_s": 0.04923733600000002,
  "children_cpu_s": 1.160873,
  "rpc_median_us": 459.732,
  "rpc_p95_us": 915.624,
  "rpc_p99_us": 1961.792,
  "service_median_us": 219.17,
  "service_p95_us": 384.822,
  "service_p99_us": 637.729,
  "verifier_median_us": 71.433,
  "verifier_p95_us": 143.781,
  "verifier_p99_us": 185.613
}
