{
  "records": 5000,
  "depth": 1,
  "seed": 29,
  "measured_queries": 200,
  "warmup_queries": 20,
  "messages": 241,
  "wire_bytes": 1615862,
  "server_peak_rss_kib": 101804,
  "parent_peak_rss_kib": 98484,
  "logical_json_bytes": 1493889,
  "allocated_sqlite_bytes": 7358584,
  "wall_s": 1.2906210529999953,
  "parent_cpu_s": 0.38290495599999996,
  "children_cpu_s": 1.317056,
  "rpc_median_us": 376.424,
  "rpc_p95_us": 507.856,
  "rpc_p99_us": 803.33,
  "service_median_us": 56.457,
  "service_p95_us": 97.562,
  "service_p99_us": 133.531,
  "verifier_median_us": 16.595,
  "verifier_p95_us": 18.838,
  "verifier_p99_us": 54.243
}
