{
  "records": 1000,
  "depth": 1,
  "seed": 43,
  "measured_queries": 200,
  "warmup_queries": 20,
  "messages": 225,
  "wire_bytes": 412858,
  "server_peak_rss_kib": 97964,
  "parent_peak_rss_kib": 95556,
  "logical_json_bytes": 297889,
  "allocated_sqlite_bytes": 1054536,
  "wall_s": 0.7957583479999357,
  "parent_cpu_s": 0.08003390899999996,
  "children_cpu_s": 1.1877300000000002,
  "rpc_median_us": 210.106,
  "rpc_p95_us": 431.648,
  "rpc_p99_us": 638.617,
  "service_median_us": 38.301,
  "service_p95_us": 83.244,
  "service_p99_us": 174.049,
  "verifier_median_us": 7.329,
  "verifier_p95_us": 8.446,
  "verifier_p99_us": 23.662
}
