{
  "records": 100,
  "depth": 16,
  "seed": 43,
  "measured_queries": 200,
  "warmup_queries": 20,
  "messages": 222,
  "wire_bytes": 365467,
  "server_peak_rss_kib": 97072,
  "parent_peak_rss_kib": 95020,
  "logical_json_bytes": 30604,
  "allocated_sqlite_bytes": 164616,
  "wall_s": 0.8396478350000507,
  "parent_cpu_s": 0.0787891810000001,
  "children_cpu_s": 1.1862739999999998,
  "rpc_median_us": 634.863,
  "rpc_p95_us": 877.976,
  "rpc_p99_us": 2150.543,
  "service_median_us": 242.959,
  "service_p95_us": 405.66,
  "service_p99_us": 644.146,
  "verifier_median_us": 114.926,
  "verifier_p95_us": 197.821,
  "verifier_p99_us": 247.628
}
