{
  "records": 10000,
  "depth": 16,
  "seed": 17,
  "measured_queries": 200,
  "warmup_queries": 20,
  "messages": 261,
  "wire_bytes": 3341587,
  "server_peak_rss_kib": 102192,
  "parent_peak_rss_kib": 102192,
  "logical_json_bytes": 2989804,
  "allocated_sqlite_bytes": 11484392,
  "wall_s": 1.8538018009999178,
  "parent_cpu_s": 0.7292694579999999,
  "children_cpu_s": 1.593563,
  "rpc_median_us": 472.093,
  "rpc_p95_us": 763.648,
  "rpc_p99_us": 1058.702,
  "service_median_us": 233.483,
  "service_p95_us": 428.653,
  "service_p99_us": 713.016,
  "verifier_median_us": 68.822,
  "verifier_p95_us": 110.916,
  "verifier_p99_us": 227.528
}
