{
  "records": 1000,
  "depth": 16,
  "seed": 17,
  "measured_queries": 200,
  "warmup_queries": 20,
  "messages": 225,
  "wire_bytes": 635089,
  "server_peak_rss_kib": 97968,
  "parent_peak_rss_kib": 95536,
  "logical_json_bytes": 298804,
  "allocated_sqlite_bytes": 1050416,
  "wall_s": 0.8925748749998093,
  "parent_cpu_s": 0.09655548000000014,
  "children_cpu_s": 1.205335,
  "rpc_median_us": 442.68,
  "rpc_p95_us": 622.043,
  "rpc_p99_us": 733.481,
  "service_median_us": 218.427,
  "service_p95_us": 346.47,
  "service_p99_us": 499.6,
  "verifier_median_us": 67.952,
  "verifier_p95_us": 87.268,
  "verifier_p99_us": 92.175
}
