{
  "records": 10000,
  "depth": 4,
  "seed": 17,
  "measured_queries": 200,
  "warmup_queries": 20,
  "messages": 261,
  "wire_bytes": 3163812,
  "server_peak_rss_kib": 102192,
  "parent_peak_rss_kib": 102192,
  "logical_json_bytes": 2989072,
  "allocated_sqlite_bytes": 11471864,
  "wall_s": 1.7710255829999824,
  "parent_cpu_s": 0.696692898,
  "children_cpu_s": 1.551443,
  "rpc_median_us": 284.985,
  "rpc_p95_us": 604.457,
  "rpc_p99_us": 1464.099,
  "service_median_us": 82.723,
  "service_p95_us": 179.271,
  "service_p99_us": 354.669,
  "verifier_median_us": 20.13,
  "verifier_p95_us": 23.8,
  "verifier_p99_us": 46.678
}
