{
  "records": 100,
  "depth": 64,
  "seed": 17,
  "measured_queries": 200,
  "warmup_queries": 20,
  "messages": 222,
  "wire_bytes": 1075929,
  "server_peak_rss_kib": 97068,
  "parent_peak_rss_kib": 95024,
  "logical_json_bytes": 33532,
  "allocated_sqlite_bytes": 164616,
  "wall_s": 0.9692391149999366,
  "parent_cpu_s": 0.09486484899999992,
  "children_cpu_s": 1.346619,
  "rpc_median_us": 1076.452,
  "rpc_p95_us": 1372.683,
  "rpc_p99_us": 2576.366,
  "service_median_us": 787.765,
  "service_p95_us": 1016.878,
  "service_p99_us": 1177.258,
  "verifier_median_us": 268.006,
  "verifier_p95_us": 374.748,
  "verifier_p99_us": 552.591
}
