{
  "seed": 701,
  "epsilon": 10,
  "clock_offsets": [
    0,
    7,
    10,
    -4,
    1
  ],
  "logical_generated_events": 288,
  "scheduled_use_requests": 1000,
  "all_use_checks": 1400,
  "reason_counts": {
    "missing": 760,
    "allow": 167,
    "revoked": 447,
    "subject": 11,
    "service": 4,
    "attenuation": 9,
    "right": 2
  },
  "barrier_checks": 128,
  "closed_certificates": 80,
  "post_barrier_use_checks": 400,
  "process_restarts": 2,
  "distinct_states_before_anti_entropy": 5,
  "states_after_anti_entropy": 1,
  "anti_entropy_records": 215,
  "records_after_common_floor_and_replay": 0,
  "dropped_deliveries": 215,
  "duplicate_slots": 251,
  "rpc_median_us": 316.274,
  "rpc_p95_us": 624.691,
  "wall_s": 4.1103646809999645,
  "parent_cpu_s": 1.104810021,
  "parent_peak_rss_kib": 99620,
  "messages": 3034,
  "wire_bytes": 3658761,
  "server_peak_rss_kib": 98236,
  "children_cpu_s": 4.511639
}
