{
  "records": 1000,
  "depth": 4,
  "seed": 17,
  "measured_queries": 200,
  "warmup_queries": 20,
  "messages": 225,
  "wire_bytes": 457294,
  "server_peak_rss_kib": 97964,
  "parent_peak_rss_kib": 95532,
  "logical_json_bytes": 298072,
  "allocated_sqlite_bytes": 1054536,
  "wall_s": 0.8769401720001042,
  "parent_cpu_s": 0.09045316800000003,
  "children_cpu_s": 1.182788,
  "rpc_median_us": 266.441,
  "rpc_p95_us": 588.464,
  "rpc_p99_us": 1157.183,
  "service_median_us": 76.045,
  "service_p95_us": 129.923,
  "service_p99_us": 199.412,
  "verifier_median_us": 19.932,
  "verifier_p95_us": 31.222,
  "verifier_p99_us": 61.369
}
