{
  "records": 100,
  "depth": 64,
  "seed": 43,
  "measured_queries": 200,
  "warmup_queries": 20,
  "messages": 222,
  "wire_bytes": 1075931,
  "server_peak_rss_kib": 97068,
  "parent_peak_rss_kib": 95024,
  "logical_json_bytes": 33532,
  "allocated_sqlite_bytes": 164616,
  "wall_s": 0.9734588149999581,
  "parent_cpu_s": 0.09043261999999996,
  "children_cpu_s": 1.292295,
  "rpc_median_us": 1090.222,
  "rpc_p95_us": 1393.491,
  "rpc_p99_us": 1988.187,
  "service_median_us": 791.676,
  "service_p95_us": 1030.694,
  "service_p99_us": 1370.987,
  "verifier_median_us": 271.864,
  "verifier_p95_us": 302.128,
  "verifier_p99_us": 309.877
}
