{
  "records": 100,
  "depth": 1,
  "seed": 29,
  "measured_queries": 200,
  "warmup_queries": 20,
  "messages": 222,
  "wire_bytes": 143233,
  "server_peak_rss_kib": 97064,
  "parent_peak_rss_kib": 95020,
  "logical_json_bytes": 29689,
  "allocated_sqlite_bytes": 160496,
  "wall_s": 0.7093148609999389,
  "parent_cpu_s": 0.02628333999999999,
  "children_cpu_s": 1.152878,
  "rpc_median_us": 198.821,
  "rpc_p95_us": 342.565,
  "rpc_p99_us": 415.404,
  "service_median_us": 35.776,
  "service_p95_us": 60.667,
  "service_p99_us": 101.796,
  "verifier_median_us": 7.333,
  "verifier_p95_us": 8.738,
  "verifier_p99_us": 11.061
}
