{
  "records": 5000,
  "depth": 16,
  "seed": 17,
  "measured_queries": 200,
  "warmup_queries": 20,
  "messages": 241,
  "wire_bytes": 1838077,
  "server_peak_rss_kib": 101568,
  "parent_peak_rss_kib": 98336,
  "logical_json_bytes": 1494804,
  "allocated_sqlite_bytes": 7407880,
  "wall_s": 1.2778543859999445,
  "parent_cpu_s": 0.3762721120000001,
  "children_cpu_s": 1.375993,
  "rpc_median_us": 436.204,
  "rpc_p95_us": 666.737,
  "rpc_p99_us": 785.54,
  "service_median_us": 220.976,
  "service_p95_us": 316.167,
  "service_p99_us": 465.712,
  "verifier_median_us": 69.781,
  "verifier_p95_us": 96.592,
  "verifier_p99_us": 157.723
}
