{
  "records": 100,
  "depth": 4,
  "seed": 17,
  "measured_queries": 200,
  "warmup_queries": 20,
  "messages": 222,
  "wire_bytes": 187649,
  "server_peak_rss_kib": 97064,
  "parent_peak_rss_kib": 94888,
  "logical_json_bytes": 29872,
  "allocated_sqlite_bytes": 160496,
  "wall_s": 0.6417124130000502,
  "parent_cpu_s": 0.029603352000000083,
  "children_cpu_s": 1.057503,
  "rpc_median_us": 238.065,
  "rpc_p95_us": 321.657,
  "rpc_p99_us": 370.563,
  "service_median_us": 72.038,
  "service_p95_us": 101.824,
  "service_p99_us": 121.062,
  "verifier_median_us": 20.027,
  "verifier_p95_us": 24.954,
  "verifier_p99_us": 73.627
}
