{
  "records": 10000,
  "depth": 16,
  "seed": 29,
  "measured_queries": 200,
  "warmup_queries": 20,
  "messages": 261,
  "wire_bytes": 3341578,
  "server_peak_rss_kib": 102192,
  "parent_peak_rss_kib": 102192,
  "logical_json_bytes": 2989804,
  "allocated_sqlite_bytes": 11434784,
  "wall_s": 1.8356834759999856,
  "parent_cpu_s": 0.7141161839999999,
  "children_cpu_s": 1.600273,
  "rpc_median_us": 501.863,
  "rpc_p95_us": 975.432,
  "rpc_p99_us": 2281.326,
  "service_median_us": 240.821,
  "service_p95_us": 531.311,
  "service_p99_us": 1996.025,
  "verifier_median_us": 70.436,
  "verifier_p95_us": 109.452,
  "verifier_p99_us": 173.669
}
