{
  "records": 5000,
  "depth": 4,
  "seed": 17,
  "measured_queries": 200,
  "warmup_queries": 20,
  "messages": 241,
  "wire_bytes": 1660342,
  "server_peak_rss_kib": 101800,
  "parent_peak_rss_kib": 98480,
  "logical_json_bytes": 1494072,
  "allocated_sqlite_bytes": 7350248,
  "wall_s": 1.2909953199998654,
  "parent_cpu_s": 0.4046557350000002,
  "children_cpu_s": 1.360436,
  "rpc_median_us": 433.19,
  "rpc_p95_us": 556.132,
  "rpc_p99_us": 630.057,
  "service_median_us": 99.434,
  "service_p95_us": 170.479,
  "service_p99_us": 214.852,
  "verifier_median_us": 40.125,
  "verifier_p95_us": 68.278,
  "verifier_p99_us": 237.531
}
