{
  "records": 5000,
  "depth": 16,
  "seed": 43,
  "measured_queries": 200,
  "warmup_queries": 20,
  "messages": 241,
  "wire_bytes": 1838075,
  "server_peak_rss_kib": 101804,
  "parent_peak_rss_kib": 98472,
  "logical_json_bytes": 1494804,
  "allocated_sqlite_bytes": 7391472,
  "wall_s": 1.345218536999937,
  "parent_cpu_s": 0.40669041400000006,
  "children_cpu_s": 1.3608310000000001,
  "rpc_median_us": 649.867,
  "rpc_p95_us": 806.372,
  "rpc_p99_us": 1039.915,
  "service_median_us": 256.834,
  "service_p95_us": 360.275,
  "service_p99_us": 533.541,
  "verifier_median_us": 115.283,
  "verifier_p95_us": 164.821,
  "verifier_p99_us": 215.773
}
