{
  "records": 1000,
  "depth": 64,
  "seed": 29,
  "measured_queries": 200,
  "warmup_queries": 20,
  "messages": 225,
  "wire_bytes": 1345580,
  "server_peak_rss_kib": 98088,
  "parent_peak_rss_kib": 95524,
  "logical_json_bytes": 301732,
  "allocated_sqlite_bytes": 1071016,
  "wall_s": 1.1733740649999618,
  "parent_cpu_s": 0.17230699800000004,
  "children_cpu_s": 1.454969,
  "rpc_median_us": 1196.183,
  "rpc_p95_us": 3074.487,
  "rpc_p99_us": 3648.42,
  "service_median_us": 844.363,
  "service_p95_us": 2069.785,
  "service_p99_us": 2889.768,
  "verifier_median_us": 280.258,
  "verifier_p95_us": 377.557,
  "verifier_p99_us": 401.65
}
