{
  "records": 5000,
  "depth": 1,
  "seed": 17,
  "measured_queries": 200,
  "warmup_queries": 20,
  "messages": 241,
  "wire_bytes": 1615858,
  "server_peak_rss_kib": 101800,
  "parent_peak_rss_kib": 98476,
  "logical_json_bytes": 1493889,
  "allocated_sqlite_bytes": 7358512,
  "wall_s": 1.1999034200000551,
  "parent_cpu_s": 0.34923138600000003,
  "children_cpu_s": 1.326956,
  "rpc_median_us": 197.698,
  "rpc_p95_us": 334.197,
  "rpc_p99_us": 617.363,
  "service_median_us": 36.455,
  "service_p95_us": 62.963,
  "service_p99_us": 131.417,
  "verifier_median_us": 7.069,
  "verifier_p95_us": 8.533,
  "verifier_p99_us": 18.218
}
