{
  "records": 5000,
  "depth": 64,
  "seed": 29,
  "measured_queries": 200,
  "warmup_queries": 20,
  "messages": 241,
  "wire_bytes": 2548566,
  "server_peak_rss_kib": 101804,
  "parent_peak_rss_kib": 98476,
  "logical_json_bytes": 1497732,
  "allocated_sqlite_bytes": 7387208,
  "wall_s": 1.4809084250000524,
  "parent_cpu_s": 0.40581653800000006,
  "children_cpu_s": 1.550934,
  "rpc_median_us": 1201.106,
  "rpc_p95_us": 1688.638,
  "rpc_p99_us": 3431.152,
  "service_median_us": 873.546,
  "service_p95_us": 1283.878,
  "service_p99_us": 2499.267,
  "verifier_median_us": 268.714,
  "verifier_p95_us": 304.074,
  "verifier_p99_us": 348.611
}
