{
  "records": 1000,
  "depth": 64,
  "seed": 17,
  "measured_queries": 200,
  "warmup_queries": 20,
  "messages": 225,
  "wire_bytes": 1345560,
  "server_peak_rss_kib": 98088,
  "parent_peak_rss_kib": 95532,
  "logical_json_bytes": 301732,
  "allocated_sqlite_bytes": 1075136,
  "wall_s": 1.0727938020002057,
  "parent_cpu_s": 0.15742437600000003,
  "children_cpu_s": 1.3250979999999999,
  "rpc_median_us": 1123.952,
  "rpc_p95_us": 1482.013,
  "rpc_p99_us": 1883.335,
  "service_median_us": 819.342,
  "service_p95_us": 1034.161,
  "service_p99_us": 1514.193,
  "verifier_median_us": 268.903,
  "verifier_p95_us": 377.657,
  "verifier_p99_us": 526.525
}
