{
  "records": 10000,
  "depth": 16,
  "seed": 43,
  "measured_queries": 200,
  "warmup_queries": 20,
  "messages": 261,
  "wire_bytes": 3341579,
  "server_peak_rss_kib": 102192,
  "parent_peak_rss_kib": 102188,
  "logical_json_bytes": 2989804,
  "allocated_sqlite_bytes": 11587200,
  "wall_s": 1.8873627309999392,
  "parent_cpu_s": 0.7739363159999999,
  "children_cpu_s": 1.5953619999999997,
  "rpc_median_us": 661.909,
  "rpc_p95_us": 843.01,
  "rpc_p99_us": 974.127,
  "service_median_us": 265.748,
  "service_p95_us": 394.417,
  "service_p99_us": 512.65,
  "verifier_median_us": 105.913,
  "verifier_p95_us": 151.943,
  "verifier_p99_us": 219.521
}
