{
  "records": 100,
  "depth": 4,
  "seed": 43,
  "measured_queries": 200,
  "warmup_queries": 20,
  "messages": 222,
  "wire_bytes": 187648,
  "server_peak_rss_kib": 97068,
  "parent_peak_rss_kib": 95016,
  "logical_json_bytes": 29872,
  "allocated_sqlite_bytes": 160496,
  "wall_s": 0.6405395940000744,
  "parent_cpu_s": 0.029864742,
  "children_cpu_s": 1.083722,
  "rpc_median_us": 240.776,
  "rpc_p95_us": 355.13,
  "rpc_p99_us": 464.852,
  "service_median_us": 72.179,
  "service_p95_us": 109.668,
  "service_p99_us": 160.931,
  "verifier_median_us": 20.139,
  "verifier_p95_us": 24.929,
  "verifier_p99_us": 44.499
}
