{
  "records": 10000,
  "depth": 4,
  "seed": 43,
  "measured_queries": 200,
  "warmup_queries": 20,
  "messages": 261,
  "wire_bytes": 3163788,
  "server_peak_rss_kib": 102188,
  "parent_peak_rss_kib": 102188,
  "logical_json_bytes": 2989072,
  "allocated_sqlite_bytes": 11500848,
  "wall_s": 1.7927856600001633,
  "parent_cpu_s": 0.7067431120000001,
  "children_cpu_s": 1.563962,
  "rpc_median_us": 259.581,
  "rpc_p95_us": 369.894,
  "rpc_p99_us": 482.673,
  "service_median_us": 76.763,
  "service_p95_us": 117.751,
  "service_p99_us": 224.198,
  "verifier_median_us": 20.431,
  "verifier_p95_us": 23.749,
  "verifier_p99_us": 45.358
}
