{
  "records": 1000,
  "depth": 4,
  "seed": 29,
  "measured_queries": 200,
  "warmup_queries": 20,
  "messages": 225,
  "wire_bytes": 457300,
  "server_peak_rss_kib": 97964,
  "parent_peak_rss_kib": 95528,
  "logical_json_bytes": 298072,
  "allocated_sqlite_bytes": 1054536,
  "wall_s": 0.8844654880001599,
  "parent_cpu_s": 0.08638789899999999,
  "children_cpu_s": 1.211982,
  "rpc_median_us": 269.271,
  "rpc_p95_us": 430.65,
  "rpc_p99_us": 771.266,
  "service_median_us": 77.197,
  "service_p95_us": 152.448,
  "service_p99_us": 294.683,
  "verifier_median_us": 20.495,
  "verifier_p95_us": 25.646,
  "verifier_p99_us": 40.163
}
