{
  "records": 10000,
  "depth": 1,
  "seed": 29,
  "measured_queries": 200,
  "warmup_queries": 20,
  "messages": 261,
  "wire_bytes": 3119354,
  "server_peak_rss_kib": 102188,
  "parent_peak_rss_kib": 102188,
  "logical_json_bytes": 2988889,
  "allocated_sqlite_bytes": 11422616,
  "wall_s": 1.7600590090000878,
  "parent_cpu_s": 0.7074850860000002,
  "children_cpu_s": 1.4545979999999998,
  "rpc_median_us": 209.997,
  "rpc_p95_us": 440.293,
  "rpc_p99_us": 547.016,
  "service_median_us": 38.467,
  "service_p95_us": 69.687,
  "service_p99_us": 126.521,
  "verifier_median_us": 7.703,
  "verifier_p95_us": 11.01,
  "verifier_p99_us": 42.915
}
